// Vitest Snapshot v1, https://vitest.dev/guide/snapshot.html

exports[`Write & read in cache 1`] = `
Map {
  Symbol(Query) => {
    "requestedKeys": Set {
      Symbol(__typename),
      Symbol(accountMembership({"id":"1"})),
      Symbol(accountMemberships({"first":"2"})),
      Symbol(supportingDocumentCollection({"id":"e8d38e87-9862-47ef-b749-212ed566b955"})),
    },
    "value": {
      Symbol(__typename): "Query",
      Symbol(accountMembership({"id":"1"})): Symbol(AccountMembership<account-membership-1>),
      Symbol(accountMemberships({"first":"2"})): {
        Symbol(__typename): "AccountMembershipConnection",
        Symbol(edges): [
          {
            Symbol(__typename): "AccountMembershipEdge",
            Symbol(node): Symbol(AccountMembership<account-membership-1>),
          },
          {
            Symbol(__typename): "AccountMembershipEdge",
            Symbol(node): Symbol(AccountMembership<account-membership-2>),
          },
        ],
      },
      Symbol(supportingDocumentCollection({"id":"e8d38e87-9862-47ef-b749-212ed566b955"})): Symbol(SupportingDocumentCollection<supporting-document-collection-1>),
    },
  },
  Symbol(AccountMembership<account-membership-1>) => {
    "requestedKeys": Set {
      Symbol(__typename),
      Symbol(id),
      Symbol(user),
      Symbol(account),
      Symbol(membershipUser),
    },
    "value": {
      Symbol(__typename): "AccountMembership",
      Symbol(id): "account-membership-1",
      Symbol(user): Symbol(User<user-1>),
      Symbol(account): {
        Symbol(__typename): "Account",
        Symbol(name): "First",
      },
      Symbol(membershipUser): Symbol(User<user-1>),
    },
  },
  Symbol(User<user-1>) => {
    "requestedKeys": Set {
      Symbol(__typename),
      Symbol(id),
      Symbol(firstName),
      Symbol(lastName),
      Symbol(identificationLevels),
    },
    "value": {
      Symbol(__typename): "User",
      Symbol(id): "user-1",
      Symbol(firstName): "Matthias",
      Symbol(lastName): "Le Brun",
      Symbol(identificationLevels): null,
    },
  },
  Symbol(AccountMembership<account-membership-2>) => {
    "requestedKeys": Set {
      Symbol(__typename),
      Symbol(id),
      Symbol(account),
      Symbol(membershipUser),
    },
    "value": {
      Symbol(__typename): "AccountMembership",
      Symbol(id): "account-membership-2",
      Symbol(account): {
        Symbol(__typename): "Account",
        Symbol(name): "Second",
      },
      Symbol(membershipUser): Symbol(User<user-2>),
    },
  },
  Symbol(User<user-2>) => {
    "requestedKeys": Set {
      Symbol(__typename),
      Symbol(id),
      Symbol(lastName),
    },
    "value": {
      Symbol(__typename): "User",
      Symbol(id): "user-2",
      Symbol(lastName): "Last",
    },
  },
  Symbol(SupportingDocumentCollection<supporting-document-collection-1>) => {
    "requestedKeys": Set {
      Symbol(__typename),
      Symbol(supportingDocuments),
      Symbol(id),
    },
    "value": {
      Symbol(__typename): "SupportingDocumentCollection",
      Symbol(supportingDocuments): [
        Symbol(SupportingDocument<supporting-document-1>),
      ],
      Symbol(id): "supporting-document-collection-1",
    },
  },
  Symbol(SupportingDocument<supporting-document-1>) => {
    "requestedKeys": Set {
      Symbol(__typename),
      Symbol(id),
      Symbol(createdAt),
    },
    "value": {
      Symbol(__typename): "SupportingDocument",
      Symbol(id): "supporting-document-1",
      Symbol(createdAt): "2024-03-14T12:06:10.857Z",
    },
  },
}
`;
